
[1m[46m RUN [49m[22m [36mv4.0.18 [39m[90mC:/Users/sidha/OneDrive/Desktop/Software_Engineering_Project/CollabCanvas/frontend[39m

 [32mΓ£ô[39m src/__tests__/components/ui/ImageCropper.test.tsx[2m > [22mImageCropper[2m > [22mrenders the cropper dialog[32m 108[2mms[22m[39m
 [32mΓ£ô[39m src/__tests__/components/ui/ImageCropper.test.tsx[2m > [22mImageCropper[2m > [22mcalls onCancel when clicking Close (X)[32m 27[2mms[22m[39m
 [32mΓ£ô[39m src/__tests__/components/ui/ImageCropper.test.tsx[2m > [22mImageCropper[2m > [22mcalls onCancel when clicking Cancel button[32m 15[2mms[22m[39m
 [32mΓ£ô[39m src/__tests__/components/ui/ImageCropper.test.tsx[2m > [22mImageCropper[2m > [22mchanges crop size when slider changes[32m 22[2mms[22m[39m
 [32mΓ£ô[39m src/__tests__/components/ui/ImageCropper.test.tsx[2m > [22mImageCropper[2m > [22mzooms in and updates scale percentage text[32m 32[2mms[22m[39m
 [32mΓ£ô[39m src/__tests__/components/ui/ImageCropper.test.tsx[2m > [22mImageCropper[2m > [22mzooms out and updates scale percentage text[32m 39[2mms[22m[39m
 [32mΓ£ô[39m src/__tests__/components/ui/ImageCropper.test.tsx[2m > [22mImageCropper[2m > [22mrotates when clicking Rotate button (90┬░)[32m 24[2mms[22m[39m
 [32mΓ£ô[39m src/__tests__/components/ui/ImageCropper.test.tsx[2m > [22mImageCropper[2m > [22mapplies crop and calls onCropComplete with dataURL[32m 14[2mms[22m[39m
 [32mΓ£ô[39m src/__tests__/components/ui/ImageCropper.test.tsx[2m > [22mImageCropper[2m > [22muses circular clip path when circularCrop=true[32m 18[2mms[22m[39m
 [31m├ù[39m src/__tests__/components/ui/ImageCropper.test.tsx[2m > [22mImageCropper[2m > [22mdoes NOT use circular clip path when circularCrop=false[32m 16[2mms[22m[39m
[31m   ΓåÆ Cannot read properties of undefined (reading 'value')[39m
 [32mΓ£ô[39m src/__tests__/components/ui/ImageCropper.test.tsx[2m > [22mImageCropper[2m > [22mdrags the image inside the crop area (mouse down -> move -> up)[32m 18[2mms[22m[39m
 [32mΓ£ô[39m src/__tests__/components/ui/ImageCropper.test.tsx[2m > [22mImageCropper[2m > [22mshows correct preview label for circular crop[32m 10[2mms[22m[39m
 [32mΓ£ô[39m src/__tests__/components/ui/ImageCropper.test.tsx[2m > [22mImageCropper[2m > [22mshows correct preview label for square crop[32m 9[2mms[22m[39m
 [32mΓ£ô[39m src/__tests__/components/ui/ImageCropper.test.tsx[2m > [22mImageCropper[2m > [22minitializes image via Image.onload when imageSrc changes[32m 7[2mms[22m[39m
node.exe : 
At line:1 char:1
+ & "C:\Program 
Files\nodejs/node.exe" 
"C:\Users\sidha\AppData
\Roaming\ ...
+ ~~~~~~~~~~~~~~~~~~~~~
~~~~~~~~~~~~~~~~~~~~~~~
~~~~~~~~~~~~~~~~~~~~~~~
~~
    + CategoryInfo     
         : NotSpecifi  
  ed: (:String) [],    
 RemoteException
    + FullyQualifiedEr 
   rorId : NativeComm  
  andError
 
[31mΓÄ»ΓÄ»ΓÄ»ΓÄ»ΓÄ»ΓÄ»
ΓÄ»[39m[1m[41m 
Failed Tests 1 [49m[2
2m[31mΓÄ»ΓÄ»ΓÄ»ΓÄ»ΓÄ»Γ
Ä»ΓÄ»[39m

[41m[1m FAIL 
[22m[49m src/__tests_
_/components/ui/ImageCr
opper.test.tsx[2m > 
[22mImageCropper[2m 
> [22mdoes NOT use 
circular clip path 
when circularCrop=false
[31m[1mTypeError[22m
: Cannot read 
properties of 
undefined (reading 
'value')[39m
[36m [2mΓ¥»[22m src/
__tests__/components/ui
/ImageCropper.test.tsx:
[2m231:87[22m[39m
    [90m229| [39m    
fireEvent.click(screen.
getByRole("button", { 
name: /apply crop/i 
}ΓÇª
    [90m230| [39m
    [90m231| [39m    
const ctx = (HTMLCanvas
Element.prototype.getCo
ntext as jest.Mock).ΓÇª
    [90m   | [39m    
                       
                       
                       
             
[31m^[39m
    [90m232| [39m
    [90m233| [39m    
[34mexpect[39m(ctx[3
3m.[39marc)[33m.[39m
not[33m.[39m[34mtoHa
veBeenCalled[39m()[33
m;[39m

[31m[2mΓÄ»ΓÄ»ΓÄ»ΓÄ»ΓÄ
»ΓÄ»ΓÄ»ΓÄ»ΓÄ»ΓÄ»ΓÄ»ΓÄ»Γ
Ä»ΓÄ»ΓÄ»ΓÄ»ΓÄ»ΓÄ»ΓÄ»ΓÄ»
ΓÄ»ΓÄ»ΓÄ»ΓÄ»[1/1]ΓÄ»[2
2m[39m


[2m Test Files [22m [1m[31m1 failed[39m[22m[90m (1)[39m
[2m      Tests [22m [1m[31m1 failed[39m[22m[2m | [22m[1m[32m13 passed[39m[22m[90m (14)[39m
[2m   Start at [22m 00:05:30
[2m   Duration [22m 1.68s[2m (transform 120ms, setup 173ms, import 292ms, tests 362ms, environment 654ms)[22m

