
[1m[46m RUN [49m[22m [36mv4.0.18 [39m[90mC:/Users/sidha/OneDrive/Desktop/Software_Engineering_Project/CollabCanvas/frontend[39m

[90mstdout[2m | src/__tests__/features/canvas/CollaborativeCanvas.test.tsx[2m > [22m[2mCollaborativeCanvas[2m > [22m[2mrenders without crashing
[22m[39mTest: renders without crashing START
Rendering CollaborativeCanvas, roomId: test-room
Rendering CollaborativeCanvas, roomId: test-room
Rendering CollaborativeCanvas, roomId: test-room
Rendering CollaborativeCanvas, roomId: test-room
Rendering CollaborativeCanvas, roomId: test-room
Rendering CollaborativeCanvas, roomId: test-room
Rendering CollaborativeCanvas, roomId: test-room
Rendering CollaborativeCanvas, roomId: test-room
Rendering CollaborativeCanvas, roomId: test-room
Rendering CollaborativeCanvas, roomId: test-room
Rendering CollaborativeCanvas, roomId: test-room
Rendering CollaborativeCanvas, roomId: test-room
Rendering CollaborativeCanvas, roomId: test-room
Rendering CollaborativeCanvas, roomId: test-room
Rendering CollaborativeCanvas, roomId: test-room
Rendering CollaborativeCanvas, roomId: test-room
Rendering CollaborativeCanvas, roomId: test-room
Rendering CollaborativeCanvas, roomId: test-room
Rendering CollaborativeCanvas, roomId: test-room
Rendering CollaborativeCanvas, roomId: test-room
Rendering CollaborativeCanvas, roomId: test-room
Rendering CollaborativeCanvas, roomId: test-room
Rendering CollaborativeCanvas, roomId: test-room
Rendering CollaborativeCanvas, roomId: test-room
Rendering CollaborativeCanvas, roomId: test-room
Rendering CollaborativeCanvas, roomId: test-room
Rendering CollaborativeCanvas, roomId: test-room
Rendering CollaborativeCanvas, roomId: test-room
Rendering CollaborativeCanvas, roomId: test-room
Rendering CollaborativeCanvas, roomId: test-room
Rendering CollaborativeCanvas, roomId: test-room
Rendering CollaborativeCanvas, roomId: test-room
Rendering CollaborativeCanvas, roomId: test-room
Rendering CollaborativeCanvas, roomId: test-room
Rendering CollaborativeCanvas, roomId: test-room
Rendering CollaborativeCanvas, roomId: test-room
Rendering CollaborativeCanvas, roomId: test-room
Rendering CollaborativeCanvas, roomId: test-room
Rendering CollaborativeCanvas, roomId: test-room
Rendering CollaborativeCanvas, roomId: test-room
Rendering CollaborativeCanvas, roomId: test-room
Rendering CollaborativeCanvas, roomId: test-room
Rendering CollaborativeCanvas, roomId: test-room
Rendering CollaborativeCanvas, roomId: test-room
Rendering CollaborativeCanvas, roomId: test-room
Rendering CollaborativeCanvas, roomId: test-room
Rendering CollaborativeCanvas, roomId: test-room
Rendering CollaborativeCanvas, roomId: test-room
Rendering CollaborativeCanvas, roomId: test-room
Rendering CollaborativeCanvas, roomId: test-room

[90mstdout[2m | src/__tests__/features/canvas/CollaborativeCanvas.test.tsx[2m > [22m[2mCollaborativeCanvas[2m > [22m[2mshows canvas correctly
[22m[39mTest: shows canvas correctly START

 [31mΓ¥»[39m src/__tests__/features/canvas/CollaborativeCanvas.test.tsx [2m([22m[2m2 tests[22m[2m | [22m[31m2 failed[39m[2m)[22m[33m 354[2mms[22m[39m
[31m     [31m├ù[31m renders without crashing[39m[33m 347[2mms[22m[39m
[31m     [31m├ù[31m shows canvas correctly[39m[32m 4[2mms[22m[39m
node.exe : 
At line:1 char:1
+ & "C:\Program 
Files\nodejs/node.exe" 
"C:\Users\sidha\AppData
\Roaming\ ...
+ ~~~~~~~~~~~~~~~~~~~~~
~~~~~~~~~~~~~~~~~~~~~~~
~~~~~~~~~~~~~~~~~~~~~~~
~~
    + CategoryInfo     
         : NotSpecifi  
  ed: (:String) [],    
 RemoteException
    + FullyQualifiedEr 
   rorId : NativeComm  
  andError
 
[31mΓÄ»ΓÄ»ΓÄ»ΓÄ»ΓÄ»ΓÄ»
ΓÄ»[39m[1m[41m 
Failed Tests 2 [49m[2
2m[31mΓÄ»ΓÄ»ΓÄ»ΓÄ»ΓÄ»Γ
Ä»ΓÄ»[39m

[41m[1m FAIL 
[22m[49m src/__tests_
_/features/canvas/Colla
borativeCanvas.test.tsx
[2m > [22mCollaborati
veCanvas[2m > 
[22mrenders without 
crashing
[41m[1m FAIL 
[22m[49m src/__tests_
_/features/canvas/Colla
borativeCanvas.test.tsx
[2m > [22mCollaborati
veCanvas[2m > 
[22mshows canvas 
correctly
[31m[1mError[22m: 
INFINITE RENDER LOOP 
DETECTED[39m
[36m [2mΓ¥»[22m 
CollaborativeCanvas src
/features/canvas/Collab
orativeCanvas.tsx:[2m2
72:11[22m[39m
    [90m270| [39m  
globalRenderCount++;
    [90m271| [39m  
if (globalRenderCount 
> 50) {
    [90m272| [39m    
throw new 
Error('INFINITE RENDER 
LOOP DETECTED');
    [90m   | [39m    
      [31m^[39m
    [90m273| [39m  }
    [90m274| [39m  
console.log('Rendering 
CollaborativeCanvas, 
roomId:', roomId);
[90m [2mΓ¥»[22m Obje
ct.react_stack_bottom_f
rame node_modules/react
-dom/cjs/react-dom-clie
nt.development.js:[2m2
5904:20[22m[39m
[90m [2mΓ¥»[22m 
renderWithHooks node_mo
dules/react-dom/cjs/rea
ct-dom-client.developme
nt.js:[2m7662:22[22m
[39m
[90m [2mΓ¥»[22m upda
teFunctionComponent nod
e_modules/react-dom/cjs
/react-dom-client.devel
opment.js:[2m10166:19
[22m[39m
[90m [2mΓ¥»[22m 
beginWork node_modules/
react-dom/cjs/react-dom
-client.development.js:
[2m11778:18[22m[39m
[90m [2mΓ¥»[22m 
runWithFiberInDEV node_
modules/react-dom/cjs/r
eact-dom-client.develop
ment.js:[2m874:13[22m
[39m
[90m [2mΓ¥»[22m 
performUnitOfWork node_
modules/react-dom/cjs/r
eact-dom-client.develop
ment.js:[2m17641:22[2
2m[39m
[90m [2mΓ¥»[22m 
workLoopSync node_modul
es/react-dom/cjs/react-
dom-client.development.
js:[2m17469:41[22m[3
9m
[90m [2mΓ¥»[22m 
renderRootSync node_mod
ules/react-dom/cjs/reac
t-dom-client.developmen
t.js:[2m17450:11[22m
[39m
[90m [2mΓ¥»[22m 
performWorkOnRoot node_
modules/react-dom/cjs/r
eact-dom-client.develop
ment.js:[2m16583:35[2
2m[39m

[31m[2mΓÄ»ΓÄ»ΓÄ»ΓÄ»ΓÄ
»ΓÄ»ΓÄ»ΓÄ»ΓÄ»ΓÄ»ΓÄ»ΓÄ»Γ
Ä»ΓÄ»ΓÄ»ΓÄ»ΓÄ»ΓÄ»ΓÄ»ΓÄ»
ΓÄ»ΓÄ»ΓÄ»ΓÄ»[1/2]ΓÄ»[2
2m[39m


[2m Test Files [22m [1m[31m1 failed[39m[22m[90m (1)[39m
[2m      Tests [22m [1m[31m2 failed[39m[22m[90m (2)[39m
[2m   Start at [22m 00:40:02
[2m   Duration [22m 2.41s[2m (transform 698ms, setup 194ms, import 944ms, tests 354ms, environment 695ms)[22m

